2026-08-09 22:11:27.133 [main] INFO  top.yuxs.springbootdev.modules.system.SysLogCleanTest - Starting SysLogCleanTest using Java 21.0.6 with PID 30788 (started by 28310 in D:\CodeProject\DevelopmentProjects\DevelopmentFramework)
2026-08-09 22:11:27.166 [main] INFO  top.yuxs.springbootdev.modules.system.SysLogCleanTest - No active profile set, falling back to 1 default profile: "default"
2026-08-09 22:11:28.121 [background-preinit] INFO  org.hibernate.validator.internal.util.Version - HV000001: Hibernate Validator 9.0.1.Final
2026-08-09 22:11:31.286 [main] INFO  org.springframework.data.repository.config.RepositoryConfigurationDelegate - Multiple Spring Data modules found, entering strict repository configuration mode
2026-08-09 22:11:31.291 [main] INFO  org.springframework.data.repository.config.RepositoryConfigurationDelegate - Bootstrapping Spring Data Redis repositories in DEFAULT mode.
2026-08-09 22:11:31.403 [main] INFO  org.springframework.data.repository.config.RepositoryConfigurationDelegate - Finished Spring Data repository scanning in 76 ms. Found 0 Redis repository interfaces.
2026-08-09 22:11:35.680 [main] INFO  com.zaxxer.hikari.HikariDataSource - HikariPool-1 - Starting...
2026-08-09 22:11:36.781 [main] INFO  com.zaxxer.hikari.pool.HikariPool - HikariPool-1 - Added connection conn0: url=jdbc:h2:mem:testdb user=SA
2026-08-09 22:11:36.788 [main] INFO  com.zaxxer.hikari.HikariDataSource - HikariPool-1 - Start completed.
2026-08-09 22:11:40.912 [main] INFO  top.yuxs.springbootdev.modules.system.controller.CommonController - 开始扫描全局枚举，根包路径: top.yuxs.springbootdev
2026-08-09 22:11:41.265 [main] INFO  top.yuxs.springbootdev.modules.system.controller.CommonController - 全局枚举扫描完成，共加载 15 个唯一枚举类映射
2026-08-09 22:11:50.854 [main] INFO  com.baomidou.mybatisplus.extension.spring.MybatisPlusApplicationContextAware - Register ApplicationContext instances org.springframework.web.context.support.GenericWebApplicationContext@7ee8130e
2026-08-09 22:11:54.922 [main] INFO  org.springframework.boot.actuate.endpoint.web.EndpointLinksResolver - Exposing 1 endpoint beneath base path '/actuator'
2026-08-09 22:11:55.378 [main] INFO  top.yuxs.springbootdev.modules.system.SysLogCleanTest - Started SysLogCleanTest in 29.084 seconds (process running for 31.342)
2026-08-09 22:11:57.681 [main] INFO  org.springframework.test.context.support.AnnotationConfigContextLoaderUtils - Could not detect default configuration classes for test class [top.yuxs.springbootdev.SpringbootDevApplicationTests]: SpringbootDevApplicationTests does not declare any static, non-private, non-final, nested classes annotated with @Configuration.
2026-08-09 22:11:57.786 [main] INFO  org.springframework.boot.test.context.SpringBootTestContextBootstrapper - Found @SpringBootConfiguration top.yuxs.springbootdev.SpringbootDevApplication for test class top.yuxs.springbootdev.SpringbootDevApplicationTests
2026-08-09 22:11:57.792 [main] INFO  org.springframework.test.context.support.AnnotationConfigContextLoaderUtils - Could not detect default configuration classes for test class [top.yuxs.springbootdev.SpringbootDevApplicationTests]: SpringbootDevApplicationTests does not declare any static, non-private, non-final, nested classes annotated with @Configuration.
2026-08-09 22:11:57.797 [main] INFO  org.springframework.boot.test.context.SpringBootTestContextBootstrapper - Found @SpringBootConfiguration top.yuxs.springbootdev.SpringbootDevApplication for test class top.yuxs.springbootdev.SpringbootDevApplicationTests
2026-08-09 22:11:57.967 [SpringApplicationShutdownHook] INFO  com.zaxxer.hikari.HikariDataSource - HikariPool-1 - Shutdown initiated...
2026-08-09 22:11:57.972 [SpringApplicationShutdownHook] INFO  com.zaxxer.hikari.HikariDataSource - HikariPool-1 - Shutdown completed.
